BL51 BANKED LINKER/LOCATER V6.22                                                        09/14/2026  20:55:54  PAGE 1


BL51 BANKED LINKER/LOCATER V6.22, INVOKED BY:
D:\C51\BIN\BL51.EXE STARTUP.obj, Timer1.obj, main.obj, Delayms.obj, Timer0.obj TO 2 RAMSIZE (256)


MEMORY MODEL: SMALL


INPUT MODULES INCLUDED:
  STARTUP.obj (?C_STARTUP)
  Timer1.obj (TIMER1)
  main.obj (MAIN)
  Delayms.obj (DELAYMS)
  Timer0.obj (TIMER0)
  D:\C51\LIB\C51S.LIB (?C_INIT)
  D:\C51\LIB\C51S.LIB (?C?CLDPTR)
  D:\C51\LIB\C51S.LIB (?C?CSTPTR)
  D:\C51\LIB\C51S.LIB (?C?ULCMP)
  D:\C51\LIB\C51S.LIB (?C?ULSHR)


LINK MAP OF MODULE:  2 (?C_STARTUP)


            TYPE    BASE      LENGTH    RELOCATION   SEGMENT NAME
            -----------------------------------------------------

            * * * * * * *   D A T A   M E M O R Y   * * * * * * *
            REG     0000H     0008H     ABSOLUTE     "REG BANK 0"
            DATA    0008H     000FH     UNIT         _DATA_GROUP_
            DATA    0017H     0009H     UNIT         ?DT?_SDWRITEBLOCK?MAIN
            BIT     0020H.0   0000H.1   UNIT         ?BI?MAIN
                    0020H.1   0000H.7                *** GAP ***
            DATA    0021H     0006H     UNIT         ?DT?MAIN
            DATA    0027H     0004H     UNIT         ?DT?TIMER1
            IDATA   002BH     0001H     UNIT         ?STACK

            * * * * * * *  X D A T A   M E M O R Y  * * * * * * *
            XDATA   0000H     049AH     UNIT         ?XD?MAIN

            * * * * * * *   C O D E   M E M O R Y   * * * * * * *
            CODE    0000H     0003H     ABSOLUTE     
                    0003H     0008H                  *** GAP ***
            CODE    000BH     0003H     ABSOLUTE     
                    000EH     000DH                  *** GAP ***
            CODE    001BH     0003H     ABSOLUTE     
                    001EH     07E2H                  *** GAP ***
            CODE    0800H     01F7H     UNIT         ?C_INITSEG
            CODE    09F7H     00B7H     UNIT         ?PR?READANDSHOWONEFRAME?MAIN
            CODE    0AAEH     00A5H     UNIT         ?PR?_SDWRITEBLOCK?MAIN
            CODE    0B53H     008CH     UNIT         ?C_C51STARTUP
            CODE    0BDFH     0086H     UNIT         ?PR?_SDREADBLOCK?MAIN
            CODE    0C65H     007CH     UNIT         ?PR?_DPRINTF_HANZI_STRING_1?MAIN
            CODE    0CE1H     007AH     UNIT         ?PR?MAIN?MAIN
            CODE    0D5BH     0067H     UNIT         ?PR?SDINIT?MAIN
            CODE    0DC2H     0053H     UNIT         ?PR?TIMER0_ROUTINE?MAIN
            CODE    0E15H     004FH     UNIT         ?C?LIB_CODE
            CODE    0E64H     0049H     UNIT         ?PR?TIMER1_ROUTINE?TIMER1
            CODE    0EADH     0046H     UNIT         ?PR?PLAYONENOTE?MAIN
BL51 BANKED LINKER/LOCATER V6.22                                                      09/14/2026  20:55:54  PAGE 2


            CODE    0EF3H     003DH     UNIT         ?PR?F12864_INIT?MAIN
            CODE    0F30H     002DH     UNIT         ?PR?F12864_CLEAR?MAIN
            CODE    0F5DH     002BH     UNIT         ?PR?_SDCOMMAND?MAIN
            CODE    0F88H     0024H     UNIT         ?PR?_GOTO_XY?MAIN
            CODE    0FACH     001FH     UNIT         ?PR?_SEN_STRING?MAIN
            CODE    0FCBH     001EH     UNIT         ?PR?_SDWRITE?MAIN
            CODE    0FE9H     0017H     UNIT         ?PR?TIMER0_INIT?TIMER0
            CODE    1000H     0016H     UNIT         ?PR?SDRESPONSE?MAIN
            CODE    1016H     0015H     UNIT         ?PR?_DELAYMS?DELAYMS
            CODE    102BH     0013H     UNIT         ?PR?SDREAD?MAIN
            CODE    103EH     0013H     UNIT         ?PR?_WRITE_DDC?MAIN
            CODE    1051H     0012H     UNIT         ?PR?COM_INIT?MAIN
            CODE    1063H     0012H     UNIT         ?PR?_WRITE_COMMOND?MAIN
            CODE    1075H     0012H     UNIT         ?PR?_WRITE_DATE?MAIN
            CODE    1087H     000EH     UNIT         ?PR?TIMER1_INIT?TIMER1
            CODE    1095H     000EH     UNIT         ?PR?UART?MAIN
            CODE    10A3H     000EH     UNIT         ?PR?_WRITE_DC?MAIN
            CODE    10B1H     000CH     UNIT         ?PR?_DELAY_NMS?MAIN



OVERLAY MAP OF MODULE:   2 (?C_STARTUP)


SEGMENT                                    DATA_GROUP 
  +--> CALLED SEGMENT                    START    LENGTH
--------------------------------------------------------
?C_C51STARTUP                            -----    -----
  +--> ?PR?MAIN?MAIN
  +--> ?C_INITSEG

?PR?MAIN?MAIN                            -----    -----
  +--> ?PR?F12864_INIT?MAIN
  +--> ?PR?F12864_CLEAR?MAIN
  +--> ?PR?_WRITE_COMMOND?MAIN
  +--> ?PR?SDINIT?MAIN
  +--> ?PR?TIMER0_INIT?TIMER0
  +--> ?PR?TIMER1_INIT?TIMER1
  +--> ?PR?READANDSHOWONEFRAME?MAIN
  +--> ?PR?PLAYONENOTE?MAIN

?PR?F12864_INIT?MAIN                     -----    -----
  +--> ?PR?_DELAY_NMS?MAIN
  +--> ?PR?_WRITE_DDC?MAIN
  +--> ?PR?_WRITE_COMMOND?MAIN

?PR?_WRITE_DDC?MAIN                      -----    -----
  +--> ?PR?_WRITE_DATE?MAIN
  +--> ?PR?_WRITE_COMMOND?MAIN

?PR?F12864_CLEAR?MAIN                    -----    -----
  +--> ?PR?_WRITE_DDC?MAIN
  +--> ?PR?_WRITE_COMMOND?MAIN
  +--> ?PR?_WRITE_DATE?MAIN

?PR?SDINIT?MAIN                          0008H    0004H
  +--> ?PR?_SDWRITE?MAIN
BL51 BANKED LINKER/LOCATER V6.22                                                      09/14/2026  20:55:54  PAGE 3


  +--> ?PR?_SDCOMMAND?MAIN
  +--> ?PR?SDRESPONSE?MAIN

?PR?_SDCOMMAND?MAIN                      0011H    0006H
  +--> ?PR?_SDWRITE?MAIN

?PR?SDRESPONSE?MAIN                      -----    -----
  +--> ?PR?SDREAD?MAIN

?PR?READANDSHOWONEFRAME?MAIN             -----    -----
  +--> ?PR?_SDREADBLOCK?MAIN
  +--> ?PR?_DPRINTF_HANZI_STRING_1?MAIN

?PR?_SDREADBLOCK?MAIN                    0008H    0009H
  +--> ?PR?_SDCOMMAND?MAIN
  +--> ?PR?SDRESPONSE?MAIN
  +--> ?PR?SDREAD?MAIN
  +--> ?PR?_SDWRITE?MAIN

?PR?_DPRINTF_HANZI_STRING_1?MAIN         0008H    000EH
  +--> ?PR?_WRITE_DDC?MAIN
  +--> ?PR?_WRITE_DC?MAIN

?PR?_WRITE_DC?MAIN                       -----    -----
  +--> ?PR?_WRITE_DATE?MAIN
  +--> ?PR?_WRITE_COMMOND?MAIN

?PR?PLAYONENOTE?MAIN                     -----    -----
  +--> ?PR?_DELAYMS?DELAYMS



SYMBOL TABLE OF MODULE:  2 (?C_STARTUP)

  VALUE           TYPE          NAME
  ----------------------------------

  -------         MODULE        ?C_STARTUP
  C:0B53H         SEGMENT       ?C_C51STARTUP
  I:002BH         SEGMENT       ?STACK
  C:0000H         PUBLIC        ?C_STARTUP
  D:00E0H         SYMBOL        ACC
  D:00F0H         SYMBOL        B
  D:0083H         SYMBOL        DPH
  D:0082H         SYMBOL        DPL
  N:0000H         SYMBOL        IBPSTACK
  N:0100H         SYMBOL        IBPSTACKTOP
  N:0080H         SYMBOL        IDATALEN
  C:0B56H         SYMBOL        IDATALOOP
  N:0000H         SYMBOL        PBPSTACK
  N:0100H         SYMBOL        PBPSTACKTOP
  N:0000H         SYMBOL        PDATALEN
  N:0000H         SYMBOL        PDATASTART
  N:0000H         SYMBOL        PPAGE
  N:0000H         SYMBOL        PPAGEENABLE
  D:00A0H         SYMBOL        PPAGE_SFR
  D:0081H         SYMBOL        SP
BL51 BANKED LINKER/LOCATER V6.22                                                      09/14/2026  20:55:54  PAGE 4


  C:0B53H         SYMBOL        STARTUP1
  N:0000H         SYMBOL        XBPSTACK
  N:0000H         SYMBOL        XBPSTACKTOP
  N:0000H         SYMBOL        XDATALEN
  N:0000H         SYMBOL        XDATASTART
  C:0000H         LINE#         126
  C:0B53H         LINE#         133
  C:0B55H         LINE#         134
  C:0B56H         LINE#         135
  C:0B57H         LINE#         136
  C:0B59H         LINE#         185
  C:0B5CH         LINE#         196
  -------         ENDMOD        ?C_STARTUP

  -------         MODULE        TIMER1
  C:0000H         SYMBOL        _ICE_DUMMY_
  C:0E64H         PUBLIC        Timer1_Routine
  D:0090H         PUBLIC        P1
  B:0090H.0       PUBLIC        KEY_PLAY
  B:0090H.2       PUBLIC        KEY_PREV
  B:0090H.1       PUBLIC        KEY_NEXT
  D:002AH         PUBLIC        g_key
  B:0090H.3       PUBLIC        KEY_STOP
  C:1087H         PUBLIC        Timer1_Init
  D:0089H         PUBLIC        TMOD
  B:00A8H.3       PUBLIC        ET1
  D:008DH         PUBLIC        TH1
  D:008BH         PUBLIC        TL1
  B:0088H.6       PUBLIC        TR1
  -------         PROC          TIMER1_INIT
  C:1087H         LINE#         5
  C:1087H         LINE#         6
  C:108AH         LINE#         7
  C:108DH         LINE#         8
  C:1090H         LINE#         9
  C:1092H         LINE#         10
  C:1094H         LINE#         11
  -------         ENDPROC       TIMER1_INIT
  -------         PROC          TIMER1_ROUTINE
  -------         DO            
  D:0027H         SYMBOL        key_now
  D:0028H         SYMBOL        key_prev
  D:0029H         SYMBOL        key_locked
  -------         ENDDO         
  C:0E64H         LINE#         13
  C:0E68H         LINE#         16
  C:0E6BH         LINE#         17
  C:0E6EH         LINE#         19
  C:0E71H         LINE#         20
  C:0E77H         LINE#         21
  C:0E7DH         LINE#         22
  C:0E83H         LINE#         23
  C:0E89H         LINE#         25
  C:0E8EH         LINE#         26
  C:0E96H         LINE#         27
  C:0E98H         LINE#         28
  C:0E9BH         LINE#         29
BL51 BANKED LINKER/LOCATER V6.22                                                      09/14/2026  20:55:54  PAGE 5


  C:0E9BH         LINE#         30
  C:0EA5H         LINE#         31
  C:0EA5H         LINE#         32
  C:0EA8H         LINE#         33
  -------         ENDPROC       TIMER1_ROUTINE
  -------         ENDMOD        TIMER1

  -------         MODULE        MAIN
  C:0000H         SYMBOL        _ICE_DUMMY_
  C:0DC2H         PUBLIC        Timer0_Routine
  D:0080H         PUBLIC        P0
  C:1063H         PUBLIC        _write_commond
  D:0090H         PUBLIC        P1
  D:00A0H         PUBLIC        P2
  C:0FACH         PUBLIC        _Sen_String
  X:0000H         PUBLIC        Music
  B:0090H.6       PUBLIC        SD_DI
  C:0C68H         PUBLIC        _dprintf_hanzi_string_1
  B:00A0H.4       PUBLIC        W_R
  B:0090H.5       PUBLIC        SD_DO
  C:1000H         PUBLIC        SdResponse
  C:0F88H         PUBLIC        _goto_xy
  B:0090H.7       PUBLIC        SD_CS
  C:1051H         PUBLIC        Com_Init
  B:00A0H.5       PUBLIC        BEEP
  B:0098H.1       PUBLIC        TI
  C:0BEEH         PUBLIC        _SdReadBlock
  C:0CE1H         PUBLIC        main
  X:0190H         PUBLIC        frame_buf
  C:1075H         PUBLIC        _write_date
  D:0099H         PUBLIC        SBUF
  D:0087H         PUBLIC        PCON
  D:0021H         PUBLIC        g_address
  D:0098H         PUBLIC        SCON
  C:0AAEH         PUBLIC        _SdWriteBlock
  D:0089H         PUBLIC        TMOD
  C:102BH         PUBLIC        SdRead
  C:0F30H         PUBLIC        F12864_clear
  C:103EH         PUBLIC        _write_ddc
  C:1095H         PUBLIC        UART
  B:00A0H.0       PUBLIC        REST
  B:0020H.0       PUBLIC        g_playing
  C:10B1H         PUBLIC        _delay_nms
  C:0FD6H         PUBLIC        _SdWrite
  D:008CH         PUBLIC        TH0
  D:008DH         PUBLIC        TH1
  C:0D5BH         PUBLIC        SdInit
  D:008AH         PUBLIC        TL0
  D:008BH         PUBLIC        TL1
  B:0090H.4       PUBLIC        SD_CLK
  C:10A3H         PUBLIC        _write_dc
  B:0088H.4       PUBLIC        TR0
  B:0088H.6       PUBLIC        TR1
  C:0EF3H         PUBLIC        F12864_init
  B:00A0H.1       PUBLIC        C_D
  B:00A0H.2       PUBLIC        C_E
  D:0025H         PUBLIC        MusicSelect
BL51 BANKED LINKER/LOCATER V6.22                                                      09/14/2026  20:55:54  PAGE 6


  C:09F7H         PUBLIC        readAndShowOneFrame
  D:0026H         PUBLIC        FreqSelect
  C:0EADH         PUBLIC        playOneNote
  B:00A0H.3       PUBLIC        R_D
  X:0450H         PUBLIC        FreqTable
  C:0F5DH         PUBLIC        _SdCommand
  -------         PROC          L?0108
  -------         ENDPROC       L?0108
  -------         PROC          _SDWRITE
  D:0007H         SYMBOL        n
  -------         DO            
  D:0006H         SYMBOL        i
  -------         ENDDO         
  C:0FD6H         LINE#         16
  C:0FD6H         LINE#         17
  C:0FD6H         LINE#         21
  C:0FD8H         LINE#         22
  C:0FD8H         LINE#         23
  C:0FDAH         LINE#         24
  C:0FDEH         LINE#         25
  C:0FE2H         LINE#         26
  C:0FE4H         LINE#         27
  C:0FE6H         LINE#         28
  C:0FE8H         LINE#         29
  -------         ENDPROC       _SDWRITE
  -------         PROC          SDREAD
  -------         DO            
  D:0007H         SYMBOL        n
  D:0006H         SYMBOL        i
  -------         ENDDO         
  C:102BH         LINE#         32
  C:102BH         LINE#         33
  C:102BH         LINE#         35
  C:102DH         LINE#         36
  C:102DH         LINE#         37
  C:102FH         LINE#         38
  C:1031H         LINE#         39
  C:1035H         LINE#         40
  C:103BH         LINE#         42
  C:103DH         LINE#         43
  C:103DH         LINE#         44
  -------         ENDPROC       SDREAD
  -------         PROC          SDRESPONSE
  -------         DO            
  D:0004H         SYMBOL        i
  D:0005H         SYMBOL        response
  -------         ENDDO         
  C:1000H         LINE#         47
  C:1000H         LINE#         48
  C:1000H         LINE#         49
  C:1002H         LINE#         51
  C:1002H         LINE#         52
  C:1002H         LINE#         53
  C:1007H         LINE#         54
  C:100AH         LINE#         55
  C:100AH         LINE#         56
  C:100FH         LINE#         57
BL51 BANKED LINKER/LOCATER V6.22                                                      09/14/2026  20:55:54  PAGE 7


  C:100FH         LINE#         58
  C:1010H         LINE#         59
  C:1013H         LINE#         60
  C:1015H         LINE#         61
  -------         ENDPROC       SDRESPONSE
  -------         PROC          _SDCOMMAND
  D:0007H         SYMBOL        command
  D:0012H         SYMBOL        argument
  D:0016H         SYMBOL        CRC
  C:0F5DH         LINE#         64
  C:0F5DH         LINE#         65
  C:0F5DH         LINE#         67
  C:0F64H         LINE#         68
  C:0F69H         LINE#         69
  C:0F6EH         LINE#         70
  C:0F7EH         LINE#         71
  C:0F83H         LINE#         72
  -------         ENDPROC       _SDCOMMAND
  -------         PROC          SDINIT
  -------         DO            
  D:0008H         SYMBOL        delay
  D:000AH         SYMBOL        trials
  D:0004H         SYMBOL        i
  D:0005H         SYMBOL        response
  -------         ENDDO         
  C:0D5BH         LINE#         76
  C:0D5BH         LINE#         77
  C:0D5BH         LINE#         78
  C:0D64H         LINE#         80
  C:0D66H         LINE#         82
  C:0D68H         LINE#         83
  C:0D69H         LINE#         84
  C:0D72H         LINE#         85
  C:0D74H         LINE#         88
  C:0D84H         LINE#         91
  C:0D89H         LINE#         93
  C:0D8EH         LINE#         94
  C:0D8EH         LINE#         95
  C:0D91H         LINE#         96
  C:0D91H         LINE#         98
  C:0D94H         LINE#         99
  C:0D94H         LINE#         100
  C:0D96H         LINE#         101
  C:0D9BH         LINE#         102
  C:0D9DH         LINE#         103
  C:0DB1H         LINE#         104
  C:0DB6H         LINE#         105
  C:0DB8H         LINE#         107
  C:0DBAH         LINE#         108
  C:0DBFH         LINE#         109
  C:0DC1H         LINE#         110
  -------         ENDPROC       SDINIT
  -------         PROC          _SDWRITEBLOCK
  D:0017H         SYMBOL        Block
  D:001AH         SYMBOL        address
  D:001EH         SYMBOL        len
  -------         DO            
BL51 BANKED LINKER/LOCATER V6.22                                                      09/14/2026  20:55:54  PAGE 8


  D:0004H         SYMBOL        count
  D:0005H         SYMBOL        dataResp
  -------         ENDDO         
  C:0AAEH         LINE#         113
  C:0ABCH         LINE#         114
  C:0ABCH         LINE#         120
  C:0ABEH         LINE#         122
  C:0ACEH         LINE#         124
  C:0AD4H         LINE#         125
  C:0AD4H         LINE#         126
  C:0AD9H         LINE#         127
  C:0ADEH         LINE#         128
  C:0AE3H         LINE#         131
  C:0AE8H         LINE#         133
  C:0B10H         LINE#         135
  C:0B22H         LINE#         137
  C:0B27H         LINE#         138
  C:0B2CH         LINE#         140
  C:0B31H         LINE#         145
  C:0B37H         LINE#         147
  C:0B3AH         LINE#         148
  C:0B3CH         LINE#         149
  C:0B41H         LINE#         150
  C:0B44H         LINE#         151
  C:0B44H         LINE#         153
  C:0B47H         LINE#         154
  C:0B47H         LINE#         155
  C:0B4AH         LINE#         156
  C:0B4DH         LINE#         159
  C:0B50H         LINE#         160
  C:0B50H         LINE#         162
  C:0B52H         LINE#         163
  -------         ENDPROC       _SDWRITEBLOCK
  C:0BE1H         SYMBOL        L?0106
  C:0BE2H         SYMBOL        L?0107
  -------         PROC          L?0105
  -------         ENDPROC       L?0105
  C:0BE1H         SYMBOL        L?0106
  C:0BE2H         SYMBOL        L?0107
  -------         PROC          _SDREADBLOCK
  D:0008H         SYMBOL        Block
  D:000BH         SYMBOL        address
  D:000FH         SYMBOL        len
  -------         DO            
  D:0004H         SYMBOL        count
  -------         ENDDO         
  C:0BEEH         LINE#         167
  C:0BFCH         LINE#         168
  C:0BFCH         LINE#         175
  C:0BFEH         LINE#         177
  C:0C0EH         LINE#         179
  C:0C14H         LINE#         180
  C:0C14H         LINE#         183
  C:0C1AH         LINE#         185
  C:0C42H         LINE#         187
  C:0C52H         LINE#         190
  C:0C55H         LINE#         191
BL51 BANKED LINKER/LOCATER V6.22                                                      09/14/2026  20:55:54  PAGE 9


  C:0C58H         LINE#         193
  C:0C5AH         LINE#         194
  C:0C5FH         LINE#         195
  C:0C62H         LINE#         196
  C:0C62H         LINE#         198
  C:0C64H         LINE#         199
  -------         ENDPROC       _SDREADBLOCK
  -------         PROC          UART
  C:1095H         LINE#         204
  C:1095H         LINE#         205
  C:1095H         LINE#         206
  C:1098H         LINE#         207
  C:109BH         LINE#         208
  C:109EH         LINE#         209
  C:10A0H         LINE#         210
  C:10A2H         LINE#         211
  -------         ENDPROC       UART
  -------         PROC          COM_INIT
  C:1051H         LINE#         220
  C:1051H         LINE#         221
  C:1051H         LINE#         222
  C:1054H         LINE#         223
  C:1057H         LINE#         224
  C:105AH         LINE#         225
  C:105DH         LINE#         226
  C:1060H         LINE#         227
  C:1062H         LINE#         228
  -------         ENDPROC       COM_INIT
  -------         PROC          _SEN_STRING
  D:0001H         SYMBOL        string
  C:0FACH         LINE#         232
  C:0FACH         LINE#         233
  C:0FACH         LINE#         234
  C:0FB2H         LINE#         235
  C:0FB2H         LINE#         236
  C:0FB5H         LINE#         237
  C:0FB5H         LINE#         238
  C:0FB8H         LINE#         239
  C:0FBAH         LINE#         241
  C:0FBAH         LINE#         242
  C:0FBCH         LINE#         243
  C:0FBCH         LINE#         244
  C:0FBFH         LINE#         245
  C:0FC1H         LINE#         246
  C:0FC8H         LINE#         247
  C:0FCAH         LINE#         248
  -------         ENDPROC       _SEN_STRING
  -------         PROC          _DELAY_NMS
  D:0006H         SYMBOL        i
  C:10B1H         LINE#         18
  C:10B1H         LINE#         19
  C:10B1H         LINE#         20
  C:10B5H         LINE#         21
  C:10BCH         LINE#         22
  -------         ENDPROC       _DELAY_NMS
  -------         PROC          _WRITE_COMMOND
  D:0007H         SYMBOL        com
BL51 BANKED LINKER/LOCATER V6.22                                                      09/14/2026  20:55:54  PAGE 10


  C:1063H         LINE#         23
  C:1063H         LINE#         24
  C:1063H         LINE#         25
  C:1065H         LINE#         26
  C:1067H         LINE#         27
  C:1069H         LINE#         28
  C:106BH         LINE#         29
  C:106DH         LINE#         30
  C:106EH         LINE#         31
  C:1070H         LINE#         32
  C:1072H         LINE#         33
  C:1074H         LINE#         34
  -------         ENDPROC       _WRITE_COMMOND
  -------         PROC          _WRITE_DATE
  D:0007H         SYMBOL        dat
  C:1075H         LINE#         35
  C:1075H         LINE#         36
  C:1075H         LINE#         37
  C:1077H         LINE#         38
  C:1079H         LINE#         39
  C:107BH         LINE#         40
  C:107DH         LINE#         41
  C:107FH         LINE#         42
  C:1080H         LINE#         43
  C:1082H         LINE#         44
  C:1084H         LINE#         45
  C:1086H         LINE#         46
  -------         ENDPROC       _WRITE_DATE
  -------         PROC          _WRITE_DC
  D:0005H         SYMBOL        com
  D:0006H         SYMBOL        dat
  C:10A3H         LINE#         47
  C:10A7H         LINE#         48
  C:10A7H         LINE#         49
  C:10ACH         LINE#         50
  -------         ENDPROC       _WRITE_DC
  -------         PROC          _WRITE_DDC
  D:0006H         SYMBOL        com
  D:0007H         SYMBOL        dat1
  D:0004H         SYMBOL        dat2
  C:103EH         LINE#         53
  C:1044H         LINE#         54
  C:1044H         LINE#         55
  C:1047H         LINE#         56
  C:104CH         LINE#         57
  -------         ENDPROC       _WRITE_DDC
  -------         PROC          F12864_INIT
  C:0EF3H         LINE#         60
  C:0EF3H         LINE#         61
  C:0EF3H         LINE#         62
  C:0EF5H         LINE#         63
  C:0EFCH         LINE#         64
  C:0EFEH         LINE#         65
  C:0F06H         LINE#         66
  C:0F0DH         LINE#         67
  C:0F15H         LINE#         68
  C:0F1CH         LINE#         69
BL51 BANKED LINKER/LOCATER V6.22                                                      09/14/2026  20:55:54  PAGE 11


  C:0F21H         LINE#         70
  C:0F26H         LINE#         71
  C:0F2BH         LINE#         72
  -------         ENDPROC       F12864_INIT
  -------         PROC          F12864_CLEAR
  -------         DO            
  D:0004H         SYMBOL        i
  -------         ENDDO         
  C:0F30H         LINE#         74
  C:0F30H         LINE#         75
  C:0F30H         LINE#         77
  C:0F38H         LINE#         78
  C:0F3DH         LINE#         79
  C:0F50H         LINE#         80
  C:0F55H         LINE#         81
  -------         ENDPROC       F12864_CLEAR
  -------         PROC          _GOTO_XY
  D:0004H         SYMBOL        x
  D:0005H         SYMBOL        y
  D:0001H         SYMBOL        mode
  -------         DO            
  D:0006H         SYMBOL        temp
  -------         ENDDO         
  C:0F88H         LINE#         84
  C:0F8AH         LINE#         85
  C:0F8AH         LINE#         87
  C:0F99H         LINE#         88
  C:0F9CH         LINE#         89
  C:0F9CH         LINE#         90
  C:0FA3H         LINE#         91
  C:0FA3H         LINE#         92
  -------         ENDPROC       _GOTO_XY
  -------         PROC          L?0109
  -------         ENDPROC       L?0109
  -------         PROC          _DPRINTF_HANZI_STRING_1
  D:0008H         SYMBOL        x
  D:000AH         SYMBOL        X_pos
  D:000CH         SYMBOL        Y_pos
  D:000EH         SYMBOL        j
  D:000FH         SYMBOL        k
  -------         DO            
  D:0010H         SYMBOL        address
  D:0002H         SYMBOL        n
  D:0012H         SYMBOL        m
  -------         ENDDO         
  C:0C68H         LINE#         94
  C:0C74H         LINE#         95
  C:0C74H         LINE#         98
  C:0C7DH         LINE#         100
  C:0C84H         LINE#         101
  C:0C84H         LINE#         103
  C:0C86H         LINE#         104
  C:0C86H         LINE#         105
  C:0CA7H         LINE#         106
  C:0CAFH         LINE#         107
  C:0CC5H         LINE#         108
  C:0CCDH         LINE#         109
BL51 BANKED LINKER/LOCATER V6.22                                                      09/14/2026  20:55:54  PAGE 12


  C:0CD1H         LINE#         110
  C:0CDCH         LINE#         111
  C:0CDEH         LINE#         112
  C:0CE0H         LINE#         113
  -------         ENDPROC       _DPRINTF_HANZI_STRING_1
  -------         PROC          READANDSHOWONEFRAME
  C:09F7H         LINE#         117
  C:09F7H         LINE#         118
  C:0A17H         LINE#         119
  C:0A33H         LINE#         120
  C:0A4FH         LINE#         121
  C:0A6DH         LINE#         123
  C:0A7BH         LINE#         124
  C:0A8AH         LINE#         125
  C:0A9CH         LINE#         126
  -------         ENDPROC       READANDSHOWONEFRAME
  -------         PROC          PLAYONENOTE
  C:0EADH         LINE#         130
  C:0EADH         LINE#         131
  C:0EB2H         LINE#         132
  C:0EB4H         LINE#         133
  C:0EB6H         LINE#         134
  C:0EB7H         LINE#         135
  C:0ECAH         LINE#         136
  C:0EE5H         LINE#         137
  C:0EE7H         LINE#         138
  C:0EE9H         LINE#         139
  C:0EF0H         LINE#         140
  C:0EF2H         LINE#         141
  C:0EF2H         LINE#         142
  -------         ENDPROC       PLAYONENOTE
  -------         PROC          MAIN
  C:0CE1H         LINE#         144
  C:0CE1H         LINE#         145
  C:0CE4H         LINE#         146
  C:0CE7H         LINE#         147
  C:0CECH         LINE#         148
  C:0CF2H         LINE#         149
  C:0CF5H         LINE#         150
  C:0CF8H         LINE#         152
  C:0CF8H         LINE#         154
  C:0CFCH         LINE#         155
  C:0D0AH         LINE#         156
  C:0D0EH         LINE#         157
  C:0D10H         LINE#         158
  C:0D25H         LINE#         159
  C:0D3DH         LINE#         160
  C:0D40H         LINE#         161
  C:0D40H         LINE#         162
  C:0D42H         LINE#         163
  C:0D4DH         LINE#         164
  C:0D4DH         LINE#         165
  C:0D50H         LINE#         166
  C:0D50H         LINE#         169
  C:0D53H         LINE#         170
  C:0D56H         LINE#         171
  C:0D59H         LINE#         172
BL51 BANKED LINKER/LOCATER V6.22                                                      09/14/2026  20:55:54  PAGE 13


  C:0D59H         LINE#         173
  -------         ENDPROC       MAIN
  -------         PROC          TIMER0_ROUTINE
  C:0DC2H         LINE#         176
  C:0DD5H         LINE#         177
  C:0DE9H         LINE#         178
  C:0DFEH         LINE#         179
  C:0E02H         LINE#         180
  C:0E04H         LINE#         181
  C:0E04H         LINE#         182
  -------         ENDPROC       TIMER0_ROUTINE
  -------         ENDMOD        MAIN

  -------         MODULE        DELAYMS
  C:0000H         SYMBOL        _ICE_DUMMY_
  C:1016H         PUBLIC        _Delayms
  -------         PROC          _DELAYMS
  D:0006H         SYMBOL        xms
  -------         DO            
  D:0005H         SYMBOL        i
  D:0004H         SYMBOL        j
  -------         ENDDO         
  C:1016H         LINE#         1
  C:1016H         LINE#         2
  C:1016H         LINE#         4
  C:1020H         LINE#         5
  C:1022H         LINE#         6
  C:1024H         LINE#         8
  C:1024H         LINE#         9
  C:1026H         LINE#         10
  C:1028H         LINE#         11
  C:102AH         LINE#         12
  -------         ENDPROC       _DELAYMS
  -------         ENDMOD        DELAYMS

  -------         MODULE        TIMER0
  C:0000H         SYMBOL        _ICE_DUMMY_
  B:00A8H.7       PUBLIC        EA
  C:0FE9H         PUBLIC        Timer0_Init
  D:0089H         PUBLIC        TMOD
  B:00A8H.1       PUBLIC        ET0
  B:0088H.5       PUBLIC        TF0
  D:008CH         PUBLIC        TH0
  D:008AH         PUBLIC        TL0
  B:00B8H.1       PUBLIC        PT0
  B:0088H.4       PUBLIC        TR0
  -------         PROC          TIMER0_INIT
  C:0FE9H         LINE#         9
  C:0FE9H         LINE#         10
  C:0FECH         LINE#         11
  C:0FEFH         LINE#         12
  C:0FF2H         LINE#         13
  C:0FF5H         LINE#         14
  C:0FF7H         LINE#         15
  C:0FF9H         LINE#         16
  C:0FFBH         LINE#         17
  C:0FFDH         LINE#         18
BL51 BANKED LINKER/LOCATER V6.22                                                      09/14/2026  20:55:54  PAGE 14


  C:0FFFH         LINE#         19
  -------         ENDPROC       TIMER0_INIT
  -------         ENDMOD        TIMER0

  -------         MODULE        ?C?CLDPTR
  C:0E15H         PUBLIC        ?C?CLDPTR
  -------         ENDMOD        ?C?CLDPTR

  -------         MODULE        ?C?CSTPTR
  C:0E2EH         PUBLIC        ?C?CSTPTR
  -------         ENDMOD        ?C?CSTPTR

  -------         MODULE        ?C?ULCMP
  C:0E40H         PUBLIC        ?C?ULCMP
  -------         ENDMOD        ?C?ULCMP

  -------         MODULE        ?C?ULSHR
  C:0E51H         PUBLIC        ?C?ULSHR
  -------         ENDMOD        ?C?ULSHR

*** WARNING L16: UNCALLED SEGMENT, IGNORED FOR OVERLAY PROCESS
    SEGMENT: ?PR?_SDWRITEBLOCK?MAIN

*** WARNING L16: UNCALLED SEGMENT, IGNORED FOR OVERLAY PROCESS
    SEGMENT: ?PR?UART?MAIN

*** WARNING L16: UNCALLED SEGMENT, IGNORED FOR OVERLAY PROCESS
    SEGMENT: ?PR?COM_INIT?MAIN

*** WARNING L16: UNCALLED SEGMENT, IGNORED FOR OVERLAY PROCESS
    SEGMENT: ?PR?_SEN_STRING?MAIN

*** WARNING L16: UNCALLED SEGMENT, IGNORED FOR OVERLAY PROCESS
    SEGMENT: ?PR?_GOTO_XY?MAIN

******************************************************************************
* RESTRICTED VERSION WITH 0800H BYTE CODE SIZE LIMIT; USED: 07F6H BYTE (99%) *
******************************************************************************

Program Size: data=43.1 xdata=1178 code=2246
LINK/LOCATE RUN COMPLETE.  5 WARNING(S),  0 ERROR(S)
