BL51 BANKED LINKER/LOCATER V6.22                                                        11/30/2025  20:42:26  PAGE 1


BL51 BANKED LINKER/LOCATER V6.22, INVOKED BY:
D:\C51\BIN\BL51.EXE STARTUP.obj, main.obj, Timer0.obj, Delayms.obj TO 2 RAMSIZE (256)


MEMORY MODEL: SMALL


INPUT MODULES INCLUDED:
  STARTUP.obj (?C_STARTUP)
  main.obj (MAIN)
  Timer0.obj (TIMER0)
  Delayms.obj (DELAYMS)
  D:\C51\LIB\C51S.LIB (?C_INIT)
  D:\C51\LIB\C51S.LIB (?C?CLDPTR)
  D:\C51\LIB\C51S.LIB (?C?CSTPTR)
  D:\C51\LIB\C51S.LIB (?C?ULSHR)


LINK MAP OF MODULE:  2 (?C_STARTUP)


            TYPE    BASE      LENGTH    RELOCATION   SEGMENT NAME
            -----------------------------------------------------

            * * * * * * *   D A T A   M E M O R Y   * * * * * * *
            REG     0000H     0008H     ABSOLUTE     "REG BANK 0"
            DATA    0008H     004CH     UNIT         ?DT?MAIN
            DATA    0054H     0015H     UNIT         _DATA_GROUP_
            DATA    0069H     0009H     UNIT         ?DT?_SDWRITEBLOCK?MAIN
            DATA    0072H     0004H     UNIT         ?DT?SDINIT?MAIN
            IDATA   0076H     0001H     UNIT         ?STACK

            * * * * * * *  X D A T A   M E M O R Y  * * * * * * *
            XDATA   0000H     02C0H     UNIT         _XDATA_GROUP_

            * * * * * * *   C O D E   M E M O R Y   * * * * * * *
            CODE    0000H     0003H     ABSOLUTE     
                    0003H     0008H                  *** GAP ***
            CODE    000BH     0003H     ABSOLUTE     
                    000EH     07F2H                  *** GAP ***
            CODE    0800H     0278H     UNIT         ?CO?MAIN
            CODE    0A78H     011CH     UNIT         ?PR?MAIN?MAIN
            CODE    0B94H     00A5H     UNIT         ?PR?_SDWRITEBLOCK?MAIN
            CODE    0C39H     008CH     UNIT         ?C_C51STARTUP
            CODE    0CC5H     0086H     UNIT         ?PR?_SDREADBLOCK?MAIN
            CODE    0D4BH     007CH     UNIT         ?PR?_DPRINTF_HANZI_STRING_1?MAIN
            CODE    0DC7H     0067H     UNIT         ?PR?SDINIT?MAIN
            CODE    0E2EH     004EH     UNIT         ?C_INITSEG
            CODE    0E7CH     0043H     UNIT         ?PR?TIMER0_ROUTINE?MAIN
            CODE    0EBFH     003EH     UNIT         ?C?LIB_CODE
            CODE    0EFDH     003DH     UNIT         ?PR?F12864_INIT?MAIN
            CODE    0F3AH     002DH     UNIT         ?PR?F12864_CLEAR?MAIN
            CODE    0F67H     002BH     UNIT         ?PR?_SDCOMMAND?MAIN
            CODE    0F92H     0024H     UNIT         ?PR?_GOTO_XY?MAIN
            CODE    0FB6H     001FH     UNIT         ?PR?_SEN_STRING?MAIN
            CODE    0FD5H     001EH     UNIT         ?PR?_SDWRITE?MAIN
            CODE    0FF3H     0017H     UNIT         ?PR?TIMER0_INIT?TIMER0
            CODE    100AH     0016H     UNIT         ?PR?SDRESPONSE?MAIN
BL51 BANKED LINKER/LOCATER V6.22                                                      11/30/2025  20:42:26  PAGE 2


            CODE    1020H     0015H     UNIT         ?PR?_DELAYMS?DELAYMS
            CODE    1035H     0013H     UNIT         ?PR?SDREAD?MAIN
            CODE    1048H     0013H     UNIT         ?PR?_WRITE_DDC?MAIN
            CODE    105BH     0012H     UNIT         ?PR?COM_INIT?MAIN
            CODE    106DH     0012H     UNIT         ?PR?_WRITE_COMMOND?MAIN
            CODE    107FH     0012H     UNIT         ?PR?_WRITE_DATE?MAIN
            CODE    1091H     000EH     UNIT         ?PR?UART?MAIN
            CODE    109FH     000EH     UNIT         ?PR?_WRITE_DC?MAIN
            CODE    10ADH     000CH     UNIT         ?PR?_DELAY_NMS?MAIN



OVERLAY MAP OF MODULE:   2 (?C_STARTUP)


SEGMENT                                    DATA_GROUP          XDATA_GROUP
  +--> CALLED SEGMENT                    START    LENGTH     START    LENGTH
----------------------------------------------------------------------------
?C_C51STARTUP                            -----    -----      -----    -----
  +--> ?PR?MAIN?MAIN
  +--> ?C_INITSEG

?PR?MAIN?MAIN                            0054H    0006H      0000H    02C0H
  +--> ?PR?F12864_INIT?MAIN
  +--> ?PR?F12864_CLEAR?MAIN
  +--> ?PR?_WRITE_COMMOND?MAIN
  +--> ?PR?TIMER0_INIT?TIMER0
  +--> ?PR?_SDREADBLOCK?MAIN
  +--> ?PR?_DPRINTF_HANZI_STRING_1?MAIN
  +--> ?CO?MAIN
  +--> ?PR?_DELAYMS?DELAYMS

?PR?F12864_INIT?MAIN                     -----    -----      -----    -----
  +--> ?PR?_DELAY_NMS?MAIN
  +--> ?PR?_WRITE_DDC?MAIN
  +--> ?PR?_WRITE_COMMOND?MAIN

?PR?_WRITE_DDC?MAIN                      -----    -----      -----    -----
  +--> ?PR?_WRITE_DATE?MAIN
  +--> ?PR?_WRITE_COMMOND?MAIN

?PR?F12864_CLEAR?MAIN                    -----    -----      -----    -----
  +--> ?PR?_WRITE_DDC?MAIN
  +--> ?PR?_WRITE_COMMOND?MAIN
  +--> ?PR?_WRITE_DATE?MAIN

?PR?_SDREADBLOCK?MAIN                    005AH    0009H      -----    -----
  +--> ?PR?_SDCOMMAND?MAIN
  +--> ?PR?SDRESPONSE?MAIN
  +--> ?PR?SDREAD?MAIN
  +--> ?PR?_SDWRITE?MAIN

?PR?_SDCOMMAND?MAIN                      0063H    0006H      -----    -----
  +--> ?PR?_SDWRITE?MAIN

?PR?SDRESPONSE?MAIN                      -----    -----      -----    -----
  +--> ?PR?SDREAD?MAIN
BL51 BANKED LINKER/LOCATER V6.22                                                      11/30/2025  20:42:26  PAGE 3



?PR?_DPRINTF_HANZI_STRING_1?MAIN         005AH    000EH      -----    -----
  +--> ?PR?_WRITE_DDC?MAIN
  +--> ?PR?_WRITE_DC?MAIN

?PR?_WRITE_DC?MAIN                       -----    -----      -----    -----
  +--> ?PR?_WRITE_DATE?MAIN
  +--> ?PR?_WRITE_COMMOND?MAIN



SYMBOL TABLE OF MODULE:  2 (?C_STARTUP)

  VALUE           TYPE          NAME
  ----------------------------------

  -------         MODULE        ?C_STARTUP
  C:0C39H         SEGMENT       ?C_C51STARTUP
  I:0076H         SEGMENT       ?STACK
  C:0000H         PUBLIC        ?C_STARTUP
  D:00E0H         SYMBOL        ACC
  D:00F0H         SYMBOL        B
  D:0083H         SYMBOL        DPH
  D:0082H         SYMBOL        DPL
  N:0000H         SYMBOL        IBPSTACK
  N:0100H         SYMBOL        IBPSTACKTOP
  N:0080H         SYMBOL        IDATALEN
  C:0C3CH         SYMBOL        IDATALOOP
  N:0000H         SYMBOL        PBPSTACK
  N:0100H         SYMBOL        PBPSTACKTOP
  N:0000H         SYMBOL        PDATALEN
  N:0000H         SYMBOL        PDATASTART
  N:0000H         SYMBOL        PPAGE
  N:0000H         SYMBOL        PPAGEENABLE
  D:00A0H         SYMBOL        PPAGE_SFR
  D:0081H         SYMBOL        SP
  C:0C39H         SYMBOL        STARTUP1
  N:0000H         SYMBOL        XBPSTACK
  N:0000H         SYMBOL        XBPSTACKTOP
  N:0000H         SYMBOL        XDATALEN
  N:0000H         SYMBOL        XDATASTART
  C:0000H         LINE#         126
  C:0C39H         LINE#         133
  C:0C3BH         LINE#         134
  C:0C3CH         LINE#         135
  C:0C3DH         LINE#         136
  C:0C3FH         LINE#         185
  C:0C42H         LINE#         196
  -------         ENDMOD        ?C_STARTUP

  -------         MODULE        MAIN
  C:0000H         SYMBOL        _ICE_DUMMY_
  C:0E7CH         PUBLIC        Timer0_Routine
  D:0080H         PUBLIC        P0
  C:106DH         PUBLIC        _write_commond
  D:0090H         PUBLIC        P1
  D:00A0H         PUBLIC        P2
BL51 BANKED LINKER/LOCATER V6.22                                                      11/30/2025  20:42:26  PAGE 4


  C:0FB6H         PUBLIC        _Sen_String
  C:0800H         PUBLIC        Music
  B:0090H.6       PUBLIC        SD_DI
  C:0D4EH         PUBLIC        _dprintf_hanzi_string_1
  B:00A0H.4       PUBLIC        W_R
  B:0090H.5       PUBLIC        SD_DO
  C:100AH         PUBLIC        SdResponse
  C:0F92H         PUBLIC        _goto_xy
  B:0090H.7       PUBLIC        SD_CS
  C:105BH         PUBLIC        Com_Init
  B:00A0H.5       PUBLIC        BEEP
  B:0098H.1       PUBLIC        TI
  C:0CD4H         PUBLIC        _SdReadBlock
  C:0A78H         PUBLIC        main
  C:107FH         PUBLIC        _write_date
  D:0099H         PUBLIC        SBUF
  D:0087H         PUBLIC        PCON
  D:0098H         PUBLIC        SCON
  C:0B94H         PUBLIC        _SdWriteBlock
  D:0089H         PUBLIC        TMOD
  C:1035H         PUBLIC        SdRead
  C:0F3AH         PUBLIC        F12864_clear
  C:1048H         PUBLIC        _write_ddc
  C:1091H         PUBLIC        UART
  B:00A0H.0       PUBLIC        REST
  C:10ADH         PUBLIC        _delay_nms
  C:0FE0H         PUBLIC        _SdWrite
  D:008CH         PUBLIC        TH0
  D:008DH         PUBLIC        TH1
  C:0DC7H         PUBLIC        SdInit
  D:008AH         PUBLIC        TL0
  D:008BH         PUBLIC        TL1
  B:0090H.4       PUBLIC        SD_CLK
  C:109FH         PUBLIC        _write_dc
  B:0088H.4       PUBLIC        TR0
  B:0088H.6       PUBLIC        TR1
  C:0EFDH         PUBLIC        F12864_init
  B:00A0H.1       PUBLIC        C_D
  B:00A0H.2       PUBLIC        C_E
  D:0008H         PUBLIC        MusicSelect
  D:0009H         PUBLIC        FreqSelect
  B:00A0H.3       PUBLIC        R_D
  D:000AH         PUBLIC        FreqTable
  C:0F67H         PUBLIC        _SdCommand
  -------         PROC          L?0097
  -------         ENDPROC       L?0097
  -------         PROC          _SDWRITE
  D:0007H         SYMBOL        n
  -------         DO            
  D:0006H         SYMBOL        i
  -------         ENDDO         
  C:0FE0H         LINE#         16
  C:0FE0H         LINE#         17
  C:0FE0H         LINE#         21
  C:0FE2H         LINE#         22
  C:0FE2H         LINE#         23
  C:0FE4H         LINE#         24
BL51 BANKED LINKER/LOCATER V6.22                                                      11/30/2025  20:42:26  PAGE 5


  C:0FE8H         LINE#         25
  C:0FECH         LINE#         26
  C:0FEEH         LINE#         27
  C:0FF0H         LINE#         28
  C:0FF2H         LINE#         29
  -------         ENDPROC       _SDWRITE
  -------         PROC          SDREAD
  -------         DO            
  D:0007H         SYMBOL        n
  D:0006H         SYMBOL        i
  -------         ENDDO         
  C:1035H         LINE#         32
  C:1035H         LINE#         33
  C:1035H         LINE#         35
  C:1037H         LINE#         36
  C:1037H         LINE#         37
  C:1039H         LINE#         38
  C:103BH         LINE#         39
  C:103FH         LINE#         40
  C:1045H         LINE#         42
  C:1047H         LINE#         43
  C:1047H         LINE#         44
  -------         ENDPROC       SDREAD
  -------         PROC          SDRESPONSE
  -------         DO            
  D:0004H         SYMBOL        i
  D:0005H         SYMBOL        response
  -------         ENDDO         
  C:100AH         LINE#         47
  C:100AH         LINE#         48
  C:100AH         LINE#         49
  C:100CH         LINE#         51
  C:100CH         LINE#         52
  C:100CH         LINE#         53
  C:1011H         LINE#         54
  C:1014H         LINE#         55
  C:1014H         LINE#         56
  C:1019H         LINE#         57
  C:1019H         LINE#         58
  C:101AH         LINE#         59
  C:101DH         LINE#         60
  C:101FH         LINE#         61
  -------         ENDPROC       SDRESPONSE
  -------         PROC          _SDCOMMAND
  D:0007H         SYMBOL        command
  D:0064H         SYMBOL        argument
  D:0068H         SYMBOL        CRC
  C:0F67H         LINE#         64
  C:0F67H         LINE#         65
  C:0F67H         LINE#         67
  C:0F6EH         LINE#         68
  C:0F73H         LINE#         69
  C:0F78H         LINE#         70
  C:0F88H         LINE#         71
  C:0F8DH         LINE#         72
  -------         ENDPROC       _SDCOMMAND
  -------         PROC          SDINIT
BL51 BANKED LINKER/LOCATER V6.22                                                      11/30/2025  20:42:26  PAGE 6


  -------         DO            
  D:0072H         SYMBOL        delay
  D:0074H         SYMBOL        trials
  D:0004H         SYMBOL        i
  D:0005H         SYMBOL        response
  -------         ENDDO         
  C:0DC7H         LINE#         76
  C:0DC7H         LINE#         77
  C:0DC7H         LINE#         78
  C:0DD0H         LINE#         80
  C:0DD2H         LINE#         82
  C:0DD4H         LINE#         83
  C:0DD5H         LINE#         84
  C:0DDEH         LINE#         85
  C:0DE0H         LINE#         88
  C:0DF0H         LINE#         91
  C:0DF5H         LINE#         93
  C:0DFAH         LINE#         94
  C:0DFAH         LINE#         95
  C:0DFDH         LINE#         96
  C:0DFDH         LINE#         98
  C:0E00H         LINE#         99
  C:0E00H         LINE#         100
  C:0E02H         LINE#         101
  C:0E07H         LINE#         102
  C:0E09H         LINE#         103
  C:0E1DH         LINE#         104
  C:0E22H         LINE#         105
  C:0E24H         LINE#         107
  C:0E26H         LINE#         108
  C:0E2BH         LINE#         109
  C:0E2DH         LINE#         110
  -------         ENDPROC       SDINIT
  -------         PROC          _SDWRITEBLOCK
  D:0069H         SYMBOL        Block
  D:006CH         SYMBOL        address
  D:0070H         SYMBOL        len
  -------         DO            
  D:0004H         SYMBOL        count
  D:0005H         SYMBOL        dataResp
  -------         ENDDO         
  C:0B94H         LINE#         113
  C:0BA2H         LINE#         114
  C:0BA2H         LINE#         120
  C:0BA4H         LINE#         122
  C:0BB4H         LINE#         124
  C:0BBAH         LINE#         125
  C:0BBAH         LINE#         126
  C:0BBFH         LINE#         127
  C:0BC4H         LINE#         128
  C:0BC9H         LINE#         131
  C:0BCEH         LINE#         133
  C:0BF6H         LINE#         135
  C:0C08H         LINE#         137
  C:0C0DH         LINE#         138
  C:0C12H         LINE#         140
  C:0C17H         LINE#         145
BL51 BANKED LINKER/LOCATER V6.22                                                      11/30/2025  20:42:26  PAGE 7


  C:0C1DH         LINE#         147
  C:0C20H         LINE#         148
  C:0C22H         LINE#         149
  C:0C27H         LINE#         150
  C:0C2AH         LINE#         151
  C:0C2AH         LINE#         153
  C:0C2DH         LINE#         154
  C:0C2DH         LINE#         155
  C:0C30H         LINE#         156
  C:0C33H         LINE#         159
  C:0C36H         LINE#         160
  C:0C36H         LINE#         162
  C:0C38H         LINE#         163
  -------         ENDPROC       _SDWRITEBLOCK
  C:0CC7H         SYMBOL        L?0095
  C:0CC8H         SYMBOL        L?0096
  -------         PROC          L?0094
  -------         ENDPROC       L?0094
  C:0CC7H         SYMBOL        L?0095
  C:0CC8H         SYMBOL        L?0096
  -------         PROC          _SDREADBLOCK
  D:005AH         SYMBOL        Block
  D:005DH         SYMBOL        address
  D:0061H         SYMBOL        len
  -------         DO            
  D:0004H         SYMBOL        count
  -------         ENDDO         
  C:0CD4H         LINE#         167
  C:0CE2H         LINE#         168
  C:0CE2H         LINE#         175
  C:0CE4H         LINE#         177
  C:0CF4H         LINE#         179
  C:0CFAH         LINE#         180
  C:0CFAH         LINE#         183
  C:0D00H         LINE#         185
  C:0D28H         LINE#         187
  C:0D38H         LINE#         190
  C:0D3BH         LINE#         191
  C:0D3EH         LINE#         193
  C:0D40H         LINE#         194
  C:0D45H         LINE#         195
  C:0D48H         LINE#         196
  C:0D48H         LINE#         198
  C:0D4AH         LINE#         199
  -------         ENDPROC       _SDREADBLOCK
  -------         PROC          UART
  C:1091H         LINE#         204
  C:1091H         LINE#         205
  C:1091H         LINE#         206
  C:1094H         LINE#         207
  C:1097H         LINE#         208
  C:109AH         LINE#         209
  C:109CH         LINE#         210
  C:109EH         LINE#         211
  -------         ENDPROC       UART
  -------         PROC          COM_INIT
  C:105BH         LINE#         220
BL51 BANKED LINKER/LOCATER V6.22                                                      11/30/2025  20:42:26  PAGE 8


  C:105BH         LINE#         221
  C:105BH         LINE#         222
  C:105EH         LINE#         223
  C:1061H         LINE#         224
  C:1064H         LINE#         225
  C:1067H         LINE#         226
  C:106AH         LINE#         227
  C:106CH         LINE#         228
  -------         ENDPROC       COM_INIT
  -------         PROC          _SEN_STRING
  D:0001H         SYMBOL        string
  C:0FB6H         LINE#         232
  C:0FB6H         LINE#         233
  C:0FB6H         LINE#         234
  C:0FBCH         LINE#         235
  C:0FBCH         LINE#         236
  C:0FBFH         LINE#         237
  C:0FBFH         LINE#         238
  C:0FC2H         LINE#         239
  C:0FC4H         LINE#         241
  C:0FC4H         LINE#         242
  C:0FC6H         LINE#         243
  C:0FC6H         LINE#         244
  C:0FC9H         LINE#         245
  C:0FCBH         LINE#         246
  C:0FD2H         LINE#         247
  C:0FD4H         LINE#         248
  -------         ENDPROC       _SEN_STRING
  -------         PROC          _DELAY_NMS
  D:0006H         SYMBOL        i
  C:10ADH         LINE#         19
  C:10ADH         LINE#         20
  C:10ADH         LINE#         21
  C:10B1H         LINE#         22
  C:10B8H         LINE#         23
  -------         ENDPROC       _DELAY_NMS
  -------         PROC          _WRITE_COMMOND
  D:0007H         SYMBOL        com
  C:106DH         LINE#         24
  C:106DH         LINE#         25
  C:106DH         LINE#         26
  C:106FH         LINE#         27
  C:1071H         LINE#         28
  C:1073H         LINE#         29
  C:1075H         LINE#         30
  C:1077H         LINE#         31
  C:1078H         LINE#         32
  C:107AH         LINE#         33
  C:107CH         LINE#         34
  C:107EH         LINE#         35
  -------         ENDPROC       _WRITE_COMMOND
  -------         PROC          _WRITE_DATE
  D:0007H         SYMBOL        dat
  C:107FH         LINE#         36
  C:107FH         LINE#         37
  C:107FH         LINE#         38
  C:1081H         LINE#         39
BL51 BANKED LINKER/LOCATER V6.22                                                      11/30/2025  20:42:26  PAGE 9


  C:1083H         LINE#         40
  C:1085H         LINE#         41
  C:1087H         LINE#         42
  C:1089H         LINE#         43
  C:108AH         LINE#         44
  C:108CH         LINE#         45
  C:108EH         LINE#         46
  C:1090H         LINE#         47
  -------         ENDPROC       _WRITE_DATE
  -------         PROC          _WRITE_DC
  D:0005H         SYMBOL        com
  D:0006H         SYMBOL        dat
  C:109FH         LINE#         48
  C:10A3H         LINE#         49
  C:10A3H         LINE#         50
  C:10A8H         LINE#         51
  -------         ENDPROC       _WRITE_DC
  -------         PROC          _WRITE_DDC
  D:0006H         SYMBOL        com
  D:0007H         SYMBOL        dat1
  D:0004H         SYMBOL        dat2
  C:1048H         LINE#         54
  C:104EH         LINE#         55
  C:104EH         LINE#         56
  C:1051H         LINE#         57
  C:1056H         LINE#         58
  -------         ENDPROC       _WRITE_DDC
  -------         PROC          F12864_INIT
  C:0EFDH         LINE#         61
  C:0EFDH         LINE#         62
  C:0EFDH         LINE#         63
  C:0EFFH         LINE#         64
  C:0F06H         LINE#         65
  C:0F08H         LINE#         66
  C:0F10H         LINE#         67
  C:0F17H         LINE#         68
  C:0F1FH         LINE#         69
  C:0F26H         LINE#         70
  C:0F2BH         LINE#         71
  C:0F30H         LINE#         72
  C:0F35H         LINE#         73
  -------         ENDPROC       F12864_INIT
  -------         PROC          F12864_CLEAR
  -------         DO            
  D:0004H         SYMBOL        i
  -------         ENDDO         
  C:0F3AH         LINE#         75
  C:0F3AH         LINE#         76
  C:0F3AH         LINE#         78
  C:0F42H         LINE#         79
  C:0F47H         LINE#         80
  C:0F5AH         LINE#         81
  C:0F5FH         LINE#         82
  -------         ENDPROC       F12864_CLEAR
  -------         PROC          _GOTO_XY
  D:0004H         SYMBOL        x
  D:0005H         SYMBOL        y
BL51 BANKED LINKER/LOCATER V6.22                                                      11/30/2025  20:42:26  PAGE 10


  D:0001H         SYMBOL        mode
  -------         DO            
  D:0006H         SYMBOL        temp
  -------         ENDDO         
  C:0F92H         LINE#         85
  C:0F94H         LINE#         86
  C:0F94H         LINE#         88
  C:0FA3H         LINE#         89
  C:0FA6H         LINE#         90
  C:0FA6H         LINE#         91
  C:0FADH         LINE#         92
  C:0FADH         LINE#         93
  -------         ENDPROC       _GOTO_XY
  -------         PROC          L?0098
  -------         ENDPROC       L?0098
  -------         PROC          _DPRINTF_HANZI_STRING_1
  D:005AH         SYMBOL        x
  D:005CH         SYMBOL        X_pos
  D:005EH         SYMBOL        Y_pos
  D:0060H         SYMBOL        j
  D:0061H         SYMBOL        k
  -------         DO            
  D:0062H         SYMBOL        address
  D:0002H         SYMBOL        n
  D:0064H         SYMBOL        m
  -------         ENDDO         
  C:0D4EH         LINE#         95
  C:0D5AH         LINE#         96
  C:0D5AH         LINE#         99
  C:0D63H         LINE#         101
  C:0D6AH         LINE#         102
  C:0D6AH         LINE#         104
  C:0D6CH         LINE#         105
  C:0D6CH         LINE#         106
  C:0D8DH         LINE#         107
  C:0D95H         LINE#         108
  C:0DABH         LINE#         109
  C:0DB3H         LINE#         110
  C:0DB7H         LINE#         111
  C:0DC2H         LINE#         112
  C:0DC4H         LINE#         113
  C:0DC6H         LINE#         114
  -------         ENDPROC       _DPRINTF_HANZI_STRING_1
  -------         PROC          MAIN
  -------         DO            
  D:0054H         SYMBOL        address
  X:0000H         SYMBOL        a
  X:00B0H         SYMBOL        b
  X:0160H         SYMBOL        c
  X:0210H         SYMBOL        d
  D:0058H         SYMBOL        n
  -------         ENDDO         
  C:0A78H         LINE#         109
  C:0A78H         LINE#         110
  C:0A78H         LINE#         111
  C:0A81H         LINE#         116
  C:0A86H         LINE#         118
BL51 BANKED LINKER/LOCATER V6.22                                                      11/30/2025  20:42:26  PAGE 11


  C:0A89H         LINE#         119
  C:0A8CH         LINE#         120
  C:0A91H         LINE#         121
  C:0A94H         LINE#         143
  C:0A94H         LINE#         144
  C:0A94H         LINE#         145
  C:0A9FH         LINE#         146
  C:0AB4H         LINE#         147
  C:0ABBH         LINE#         148
  C:0AD0H         LINE#         149
  C:0AD7H         LINE#         150
  C:0AECH         LINE#         151
  C:0AF5H         LINE#         152
  C:0B0AH         LINE#         154
  C:0B18H         LINE#         155
  C:0B27H         LINE#         156
  C:0B39H         LINE#         157
  C:0B4BH         LINE#         158
  C:0B50H         LINE#         159
  C:0B52H         LINE#         160
  C:0B54H         LINE#         161
  C:0B54H         LINE#         162
  C:0B54H         LINE#         163
  C:0B68H         LINE#         164
  C:0B84H         LINE#         165
  C:0B86H         LINE#         167
  C:0B88H         LINE#         168
  C:0B8FH         LINE#         169
  C:0B91H         LINE#         170
  C:0B91H         LINE#         171
  -------         ENDPROC       MAIN
  -------         PROC          TIMER0_ROUTINE
  C:0E7CH         LINE#         172
  C:0E8DH         LINE#         173
  C:0E9BH         LINE#         174
  C:0EAAH         LINE#         175
  C:0EAEH         LINE#         176
  C:0EB0H         LINE#         177
  C:0EB0H         LINE#         178
  -------         ENDPROC       TIMER0_ROUTINE
  -------         ENDMOD        MAIN

  -------         MODULE        TIMER0
  C:0000H         SYMBOL        _ICE_DUMMY_
  B:00A8H.7       PUBLIC        EA
  C:0FF3H         PUBLIC        Timer0_Init
  D:0089H         PUBLIC        TMOD
  B:00A8H.1       PUBLIC        ET0
  B:0088H.5       PUBLIC        TF0
  D:008CH         PUBLIC        TH0
  D:008AH         PUBLIC        TL0
  B:00B8H.1       PUBLIC        PT0
  B:0088H.4       PUBLIC        TR0
  -------         PROC          TIMER0_INIT
  C:0FF3H         LINE#         9
  C:0FF3H         LINE#         10
  C:0FF6H         LINE#         11
BL51 BANKED LINKER/LOCATER V6.22                                                      11/30/2025  20:42:26  PAGE 12


  C:0FF9H         LINE#         12
  C:0FFCH         LINE#         13
  C:0FFFH         LINE#         14
  C:1001H         LINE#         15
  C:1003H         LINE#         16
  C:1005H         LINE#         17
  C:1007H         LINE#         18
  C:1009H         LINE#         19
  -------         ENDPROC       TIMER0_INIT
  -------         ENDMOD        TIMER0

  -------         MODULE        DELAYMS
  C:0000H         SYMBOL        _ICE_DUMMY_
  C:1020H         PUBLIC        _Delayms
  -------         PROC          _DELAYMS
  D:0006H         SYMBOL        xms
  -------         DO            
  D:0005H         SYMBOL        i
  D:0004H         SYMBOL        j
  -------         ENDDO         
  C:1020H         LINE#         1
  C:1020H         LINE#         2
  C:1020H         LINE#         4
  C:102AH         LINE#         5
  C:102CH         LINE#         6
  C:102EH         LINE#         8
  C:102EH         LINE#         9
  C:1030H         LINE#         10
  C:1032H         LINE#         11
  C:1034H         LINE#         12
  -------         ENDPROC       _DELAYMS
  -------         ENDMOD        DELAYMS

  -------         MODULE        ?C?CLDPTR
  C:0EBFH         PUBLIC        ?C?CLDPTR
  -------         ENDMOD        ?C?CLDPTR

  -------         MODULE        ?C?CSTPTR
  C:0ED8H         PUBLIC        ?C?CSTPTR
  -------         ENDMOD        ?C?CSTPTR

  -------         MODULE        ?C?ULSHR
  C:0EEAH         PUBLIC        ?C?ULSHR
  -------         ENDMOD        ?C?ULSHR

*** WARNING L16: UNCALLED SEGMENT, IGNORED FOR OVERLAY PROCESS
    SEGMENT: ?PR?SDINIT?MAIN

*** WARNING L16: UNCALLED SEGMENT, IGNORED FOR OVERLAY PROCESS
    SEGMENT: ?PR?_SDWRITEBLOCK?MAIN

*** WARNING L16: UNCALLED SEGMENT, IGNORED FOR OVERLAY PROCESS
    SEGMENT: ?PR?UART?MAIN

*** WARNING L16: UNCALLED SEGMENT, IGNORED FOR OVERLAY PROCESS
    SEGMENT: ?PR?COM_INIT?MAIN

BL51 BANKED LINKER/LOCATER V6.22                                                      11/30/2025  20:42:26  PAGE 13


*** WARNING L16: UNCALLED SEGMENT, IGNORED FOR OVERLAY PROCESS
    SEGMENT: ?PR?_SEN_STRING?MAIN

*** WARNING L16: UNCALLED SEGMENT, IGNORED FOR OVERLAY PROCESS
    SEGMENT: ?PR?_GOTO_XY?MAIN

******************************************************************************
* RESTRICTED VERSION WITH 0800H BYTE CODE SIZE LIMIT; USED: 0800H BYTE (100%) *
******************************************************************************

Program Size: data=119.0 xdata=704 code=2239
LINK/LOCATE RUN COMPLETE.  6 WARNING(S),  0 ERROR(S)
