C51 COMPILER V9.54   DELAYMS                                                               11/30/2025 20:41:23 PAGE 1   


C51 COMPILER V9.54, COMPILATION OF MODULE DELAYMS
OBJECT MODULE PLACED IN Delayms.OBJ
COMPILER INVOKED BY: D:\C51\BIN\C51.EXE Delayms.c OPTIMIZE(8,SPEED) BROWSE DEBUG OBJECTEXTEND TABS(2)

line level    source

   1          void Delayms(unsigned int xms)  //@11.0592MHz
   2          {
   3   1        unsigned char data i, j;
   4   1        while(xms--){
   5   2          i = 2;
   6   2          j = 199;
   7   2          do
   8   2          {
   9   3            while (--j);
  10   3          } while (--i);
  11   2        }
  12   1      }


MODULE INFORMATION:   STATIC OVERLAYABLE
   CODE SIZE        =     21    ----
   CONSTANT SIZE    =   ----    ----
   XDATA SIZE       =   ----    ----
   PDATA SIZE       =   ----    ----
   DATA SIZE        =   ----    ----
   IDATA SIZE       =   ----    ----
   BIT SIZE         =   ----    ----
END OF MODULE INFORMATION.


C51 COMPILATION COMPLETE.  0 WARNING(S),  0 ERROR(S)
