C51 COMPILER V9.54   TIMER0                                                                09/14/2026 20:49:16 PAGE 1   


C51 COMPILER V9.54, COMPILATION OF MODULE TIMER0
OBJECT MODULE PLACED IN Timer0.OBJ
COMPILER INVOKED BY: D:\C51\BIN\C51.EXE Timer0.c OPTIMIZE(8,SPEED) BROWSE DEBUG OBJECTEXTEND TABS(2)

line level    source

*** WARNING C500 IN LINE 1 OF Timer0.c: MISSING LICENSE ID CODE (LIC) IN 'TOOLS.INI'
   1          #include <REGX52.H>
   2          
   3          /**
   4          * @brief  ???0???,?????11.0592MHz
   5            * @param  
   6            * @retval 
   7            */
   8          
   9          void Timer0_Init(){
  10   1        TMOD &= 0xF0;
  11   1        TMOD |= 0x01;
  12   1        TH0 = 0xDC;
  13   1        TL0 = 0x00; //10ms
  14   1        TF0 = 0;
  15   1        TR0 = 1;
  16   1        ET0 = 1;  
  17   1        EA = 1;   
  18   1        PT0 = 0;  
  19   1      }
  20          /* ?????????
  21          void Timer0_Routine() interrupt 1{
  22            static unsigned int T0Count;
  23            TH0 = 0xDC;
  24            TL0 = 0x00;
  25            T0Count++;
  26            if(T0Count >= 100){
  27              T0Count = 0;
  28          
  29            }
  30          }
  31          */


MODULE INFORMATION:   STATIC OVERLAYABLE
   CODE SIZE        =     23    ----
   CONSTANT SIZE    =   ----    ----
   XDATA SIZE       =   ----    ----
   PDATA SIZE       =   ----    ----
   DATA SIZE        =   ----    ----
   IDATA SIZE       =   ----    ----
   BIT SIZE         =   ----    ----
END OF MODULE INFORMATION.


C51 COMPILATION COMPLETE.  1 WARNING(S),  0 ERROR(S)
