C51 COMPILER V9.52.0.0   TUXIANGKU                                                         06/07/2019 13:40:01 PAGE 1   


C51 COMPILER V9.52.0.0, COMPILATION OF MODULE TUXIANGKU
OBJECT MODULE PLACED IN tuxiangku.OBJ
COMPILER INVOKED BY: E:\Program Files (x86)\keil\C51\BIN\C51.EXE tuxiangku.c BROWSE DEBUG OBJECTEXTEND TABS(2)

line level    source

   1          //液晶字体处理部分
   2          typedef struct typFNT_GB16
   3          {
   4            //char Index[2];
   5            unsigned char Mask[120];
   6          };
   7          
   8          xdata struct typFNT_GB16 GB_16[]={//你用不着，留这不妨碍，程序不会调用
   9          /*--  文字:  川  --*/
  10          /*--  楷体10;  此字体下对应的点阵为：宽x高=14x13   --*/
  11          /*--  宽度不是8的倍数，现调整为：宽度x高度=16x13  --*/
  12          0x00,0x00,0x00,0x60,0x18,0x70,0x1B,0x60,0x1B,0x60,0x1B,0x60,0x1B,0x60,0x1B,0x60,
  13          0x3B,0x60,0x33,0x60,0x60,0x60,0x00,0x60,0x00,0x00,
  14          
  15          /*--  文字:  乐  --*/
  16          /*--  楷体10;  此字体下对应的点阵为：宽x高=14x13   --*/
  17          /*--  宽度不是8的倍数，现调整为：宽度x高度=16x13  --*/
  18          0x00,0x00,0x03,0xC0,0x1F,0x80,0x1F,0x00,0x1B,0x00,0x1F,0xE0,0x3B,0x00,0x13,0x80,
  19          0x3B,0xE0,0x33,0x70,0x3F,0x30,0x06,0x00,0x00,0x00,
  20          
  21          /*--  文字:  水  --*/
  22          /*--  楷体10;  此字体下对应的点阵为：宽x高=14x13   --*/
  23          /*--  宽度不是8的倍数，现调整为：宽度x高度=16x13  --*/
  24          0x00,0x00,0x06,0x00,0x06,0xE0,0x06,0xE0,0x3F,0x80,0x7F,0x00,0x1F,0x80,0x1E,0xE0,
  25          0x36,0xF8,0x66,0x00,0x0E,0x00,0x06,0x00,0x00,0x00,
  26          
  27          /*--  文字:  兴  --*/
  28          /*--  楷体10;  此字体下对应的点阵为：宽x高=14x13   --*/
  29          /*--  宽度不是8的倍数，现调整为：宽度x高度=16x13  --*/
  30          0x00,0x00,0x00,0xE0,0x06,0xE0,0x3F,0xC0,0x1F,0x80,0x09,0xF0,0x7F,0xF8,0x7C,0x00,
  31          0x0D,0xC0,0x18,0xE0,0x30,0x60,0x00,0x00,0x00,0x00,
  32          };
  33          
  34          code struct typFNT_GB16 GB_13[]={//你用不着
  35          /*--  文字:  川  --*/
  36          /*--  楷体10;  此字体下对应的点阵为：宽x高=14x13   --*/
  37          /*--  宽度不是8的倍数，现调整为：宽度x高度=16x13  --*/
  38          {0x00,0x00,0x00,0x60,0x18,0x70,0x1B,0x60,0x1B,0x60,0x1B,0x60,0x1B,0x60,0x1B,0x60,
  39          0x3B,0x60,0x33,0x60,0x60,0x60,0x00,0x60,0x00,0x00,},
  40          
  41          /*--  文字:  乐  --*/
  42          /*--  楷体10;  此字体下对应的点阵为：宽x高=14x13   --*/
  43          /*--  宽度不是8的倍数，现调整为：宽度x高度=16x13  --*/
  44          {0x00,0x00,0x03,0xC0,0x1F,0x80,0x1F,0x00,0x1B,0x00,0x1F,0xE0,0x3B,0x00,0x13,0x80,
  45          0x3B,0xE0,0x33,0x70,0x3F,0x30,0x06,0x00,0x00,0x00,},
  46          
  47          /*--  文字:  水  --*/
  48          /*--  楷体10;  此字体下对应的点阵为：宽x高=14x13   --*/
  49          /*--  宽度不是8的倍数，现调整为：宽度x高度=16x13  --*/
  50          {0x00,0x00,0x06,0x00,0x06,0xE0,0x06,0xE0,0x3F,0x80,0x7F,0x00,0x1F,0x80,0x1E,0xE0,
  51          0x36,0xF8,0x66,0x00,0x0E,0x00,0x06,0x00,0x00,0x00,},
  52          
  53          /*--  文字:  兴  --*/
  54          /*--  楷体10;  此字体下对应的点阵为：宽x高=14x13   --*/
  55          /*--  宽度不是8的倍数，现调整为：宽度x高度=16x13  --*/
C51 COMPILER V9.52.0.0   TUXIANGKU                                                         06/07/2019 13:40:01 PAGE 2   

  56          {0x00,0x00,0x00,0xE0,0x06,0xE0,0x3F,0xC0,0x1F,0x80,0x09,0xF0,0x7F,0xF8,0x7C,0x00,
  57          0x0D,0xC0,0x18,0xE0,0x30,0x60,0x00,0x00,0x00,0x00,},
  58          };
  59          
  60          xdata struct typFNT_GB16 GB_167[]={//用不着了，字体不如那个好看
  61          /*--  文字:  川  --*/
  62          /*--  微软雅黑10;  此字体下对应的点阵为：宽x高=13x14   --*/
  63          /*--  宽度不是8的倍数，现调整为：宽度x高度=16x14  --*/
  64          0x00,0x00,0x30,0x30,0x33,0x30,0x33,0x30,0x33,0x30,
  65          0x33,0x30,0x33,0x30,0x33,0x30,0x73,0x30,0x73,0x30,0x63,0x30,0xE3,0x30,0xC0,0x30,
  66          0x00,0x00,
  67          
  68          /*--  文字:  乐  --*/
  69          /*--  微软雅黑10;  此字体下对应的点阵为：宽x高=13x19   --*/
  70          /*--  宽度不是8的倍数，现调整为：宽度x高度=16x19  --*/
  71          0x00,0x00,0x01,0xF0,0x7F,0x80,0x60,0x00,0x67,0x00,
  72          0xE7,0x00,0xFF,0xF8,0x07,0x00,0x3F,0xE0,0x77,0x70,0xE7,0x38,0xC7,0x18,0x1F,0x00,
  73          0x00,0x00,
  74          
  75          /*--  文字:  水  --*/
  76          /*--  微软雅黑10;  此字体下对应的点阵为：宽x高=13x19   --*/
  77          /*--  宽度不是8的倍数，现调整为：宽度x高度=16x19  --*/
  78          0x00,0x00,0x07,0x00,0x07,0x00,0x07,0x30,0xFF,0x70,
  79          0x1F,0xE0,0x1F,0xC0,0x3F,0xC0,0x37,0xE0,0x77,0x70,0xE7,0x38,0xC7,0x18,0x1E,0x00,
  80          0x00,0x00,
  81          
  82          /*--  文字:  兴  --*/
  83          /*--  微软雅黑10;  此字体下对应的点阵为：宽x高=13x19   --*/
  84          /*--  宽度不是8的倍数，现调整为：宽度x高度=16x19  --*/
  85          0x00,0x00,0x0E,0x00,0xE6,0x38,0x67,0x30,0x33,0x60,
  86          0x38,0xE0,0x00,0x00,0xFF,0xF8,0x00,0x00,0x1D,0xC0,0x38,0xE0,0x70,0x70,0xE0,0x18,
  87          0x00,0x00,
  88          };
  89          
  90          typedef struct typFNT_GB0
  91          {
  92            //char Index[2];
  93            unsigned char Mask[400];
  94          };
  95          code struct typFNT_GB0 GB_0[]={
  96          /*badapple 宽乘高=96*32*///注释掉以后是96*22/只有最底下是一层空白像素
  97          /*--  文字:  b  --*/
  98          /*--  OldDreadfulNo7 BT16;  此字体下对应的点阵为：宽x高=12x27   --*/
  99          /*--  宽度不是8的倍数，现调整为：宽度x高度=17x27  --*/
 100          //0x00,0x00,0x00,0x00,0x00,0x00,0x00,0x00,0x00,0x00,0x00,0x00,
 101          //0x00,0x00,0x00,0x00,0x00,0x00,0x00,0x00,0x00,0x00,0x00,0x00,
 102          //0x00,0x00,0x00,0x00,0x00,0x00,0x00,0x00,0x00,0x00,0x00,0x00,
 103          //0x00,0x00,0x00,0x00,0x00,0x00,0x00,0x00,0x00,0x00,0x00,0x00,
 104          
 105          /*--  文字:  a  --*/
 106          /*--  OldDreadfulNo7 BT16;  此字体下对应的点阵为：宽x高=12x27   --*/
 107          /*--  宽度不是8的倍数，现调整为：宽度x高度=17x27  --*/
 108          //0x00,0x00,0x00,0x00,0x00,0x00,0x00,0x00,0x00,0x00,0x00,0x00,
 109            0x00,0x00,0x00,0x00,0x00,0x00,0x00,0x00,0x00,0x60,0x00,0x00,
 110            0x00,0x00,0x00,0x00,0x60,0x00,0x00,0x00,0x00,0x78,0x00,0x00,
 111            0x18,0x00,0x00,0x03,0xE0,0x00,0x00,0x00,0x00,0x78,0x00,0x00,
 112          
 113          /*--  文字:  d  --*/
 114          /*--  OldDreadfulNo7 BT16;  此字体下对应的点阵为：宽x高=12x27   --*/
 115          /*--  宽度不是8的倍数，现调整为：宽度x高度=17x27  --*/
 116          0xF8,0x00,0x00,0x01,0xE0,0x00,0x00,0x00,0x00,0xF8,0x00,0x00,0x78,0x00,0x00,0x00,
 117          0xE0,0x00,0x00,0x00,0x00,0x70,0x00,0x00,0x38,0x00,0x00,0x00,0xE0,0x00,0x00,0x00,
C51 COMPILER V9.52.0.0   TUXIANGKU                                                         06/07/2019 13:40:01 PAGE 3   

 118          0x00,0x78,0x00,0x00,0x38,0x1D,0xFE,0x00,0xFD,0xFE,0x0F,0x00,0xF0,0x78,0x00,0xFC,
 119          
 120          /*--  文字:  a  --*/
 121          /*--  OldDreadfulNo7 BT16;  此字体下对应的点阵为：宽x高=12x27   --*/
 122          /*--  宽度不是8的倍数，现调整为：宽度x高度=17x27  --*/
 123          0x3F,0xCF,0x8E,0x00,0xEF,0x8E,0x3F,0xC3,0xFC,0x78,0x01,0xFF,0x3F,0xE7,0x06,0x3E,
 124          0xE7,0x06,0x7F,0xE7,0xFE,0x78,0x03,0x7B,0x3C,0xE6,0x06,0x37,0xE6,0x06,0x70,0xE7,
 125          0x0E,0x78,0x03,0xFB,0x38,0xE6,0xFE,0x70,0xE6,0xFE,0x70,0xE7,0x0E,0x78,0x07,0xFF,
 126          
 127          /*--  文字:  p  --*/
 128          /*--  OldDreadfulNo7 BT16;  此字体下对应的点阵为：宽x高=12x27   --*/
 129          /*--  宽度不是8的倍数，现调整为：宽度x高度=17x27  --*/
 130          0x38,0xE3,0xFE,0x70,0xE3,0xFE,0xF0,0xEF,0x0E,0x70,0x0F,0xFF,0x38,0xE7,0xFE,0x70,
 131          0xE7,0xFE,0xF0,0xEF,0x0E,0xF8,0x0F,0xFF,0x38,0xEE,0x0E,0xF8,0xEE,0x0E,0xF0,0xEF,
 132          0x0E,0x78,0x0F,0x8E,0x3C,0xEC,0x06,0x7F,0xEC,0x06,0xF0,0xEF,0x0E,0x78,0x07,0xFF,
 133          
 134          /*--  文字:  p  --*/
 135          /*--  OldDreadfulNo7 BT16;  此字体下对应的点阵为：宽x高=12x27   --*/
 136          /*--  宽度不是8的倍数，现调整为：宽度x高度=17x27  --*/
 137          0x3D,0xEC,0x06,0x7F,0xEC,0x06,0xFF,0xEF,0xFE,0x78,0x03,0xFF,0x3F,0xCE,0x06,0x7F,
 138          0x6E,0x06,0xFF,0xCF,0xFC,0xF0,0x01,0xFC,0x00,0x07,0xFC,0x08,0x07,0xFC,0x77,0x07,
 139          0x70,0x38,0x00,0x70,0x00,0x00,0x00,0x00,0x00,0x00,0x70,0x07,0x00,0x00,0x00,0x00,
 140          
 141          /*--  文字:  l  --*/
 142          /*--  OldDreadfulNo7 BT16;  此字体下对应的点阵为：宽x高=12x27   --*/
 143          /*--  宽度不是8的倍数，现调整为：宽度x高度=17x27  --*/
 144          0x00,0x00,0x00,0x00,0x00,0x00,0x78,0x07,0x80,0x00,0x00,0x00,0x00,0x00,0x00,0x00,
 145          0x00,0x00,0x7E,0x07,0xE0,0x00,0x00,0x00,0x00,0x00,0x00,0x00,0x00,0x00,0x1E,0x01,
 146          0xE0,0x00,0x00,0x00,//0x00,0x00,0x00,0x00,0x00,0x00,0x00,0x00,0x00,0x00,0x00,0x00,
 147          
 148          /*--  文字:  e  --*/
 149          /*--  OldDreadfulNo7 BT16;  此字体下对应的点阵为：宽x高=12x27   --*/
 150          /*--  宽度不是8的倍数，现调整为：宽度x高度=17x27  --*/
 151          /*0x00,0x00,0x00,0x00,0x00,0x00,0x00,0x00,0x00,0x00,0x00,0x00,0x00,0x00,0x00,0x00,
 152          0x00,0x00,0x00,0x00,0x00,0x00,0x00,0x00,0x00,0x00,0x00,0x00,0x00,0x00,0x00,0x00,
 153          0x00,0x00,0x00,0x00,0x00,0x00,0x00,0x00,0x00,0x00,0x00,0x00,0x00,0x00,0x00,0x00,*/
 154          };
 155          
 156          typedef struct typFNT_GB1
 157          {
 158            //char Index[2];
 159            unsigned char Mask[30];
 160          };
 161          code struct typFNT_GB1 GB_1[]={            //用不着
 162          /*by宽乘高=16*13*/
 163          /*--  文字:  b  --*/
 164          /*--  楷体10;  此字体下对应的点阵为：宽x高=7x13   --*/
 165          0x00,0x00,0xC0,0x00,0xC0,0x00,0xC0,0x00,0xFD,0x98,0xED,0xD8,
 166          
 167          /*--  文字:  y  --*/
 168          /*--  楷体10;  此字体下对应的点阵为：宽x高=7x13   --*/
 169          0xCC,0xF8,0xCC,0xF0,0xFC,0xF0,0xF8,0x70,0x01,0xE0,0x01,0xE0,0x00,0x00,
 170          };


MODULE INFORMATION:   STATIC OVERLAYABLE
   CODE SIZE        =   ----    ----
   CONSTANT SIZE    =    910    ----
   XDATA SIZE       =    240    ----
   PDATA SIZE       =   ----    ----
   DATA SIZE        =   ----    ----
   IDATA SIZE       =   ----    ----
C51 COMPILER V9.52.0.0   TUXIANGKU                                                         06/07/2019 13:40:01 PAGE 4   

   BIT SIZE         =   ----    ----
END OF MODULE INFORMATION.


C51 COMPILATION COMPLETE.  0 WARNING(S),  0 ERROR(S)
